<img src="cache/images/6651824_lead_source_by_outcome_en_us_693535944.png" border="0" usemap="#cache/images/6651824_lead_source_by_outcome_en_us_693535944.png">
<map name="cache/images/6651824_lead_source_by_outcome_en_us_693535944.png">
	<area shape="rect" coords="110,222,117,242" href="index.php?module=Potentials&action=ListView&leadsource=Public+Relations&sales_stage=Other&query=true&type=dbrd&owner=BM Mumbai Butt&viewname=10" alt="BM Mumbai Butt - 1 opportunities where outcome is Other" title="BM Mumbai Butt - 1 opportunities where outcome is Other">
	<area shape="rect" coords="110,191,773,211" href="index.php?module=Potentials&action=ListView&leadsource=Partner&sales_stage=Other&query=true&type=dbrd&owner=Sal Executive Mumbai Rohit Sharma&viewname=10" alt="Sal Executive Mumbai Rohit Sharma - 1 opportunities where outcome is Other" title="Sal Executive Mumbai Rohit Sharma - 1 opportunities where outcome is Other">
	<area shape="rect" coords="110,313,110,333" href="index.php?module=Potentials&action=ListView&leadsource=Trade+Show&sales_stage=Other&query=true&type=dbrd&owner=Sal Executive Mumbai Rohit Sharma&viewname=10" alt="Sal Executive Mumbai Rohit Sharma - 1 opportunities where outcome is Other" title="Sal Executive Mumbai Rohit Sharma - 1 opportunities where outcome is Other">
	<area shape="rect" coords="110,343,176,363" href="index.php?module=Potentials&action=ListView&leadsource=Web+Site&sales_stage=Other&query=true&type=dbrd&owner=Sal Executive Mumbai Rohit Sharma&viewname=10" alt="Sal Executive Mumbai Rohit Sharma - 1 opportunities where outcome is Other" title="Sal Executive Mumbai Rohit Sharma - 1 opportunities where outcome is Other">
</map>