<img src="cache/images/6651824_pipeline_en_us_38012537062001-01-012100-01-01.png" border="0" usemap="#cache/images/6651824_pipeline_en_us_38012537062001-01-012100-01-01.png">
<map name="cache/images/6651824_pipeline_en_us_38012537062001-01-012100-01-01.png">
	<area shape="rect" coords="128,119,135,147" href="index.php?module=Potentials&action=ListView&sales_stage=Needs+Analysis&closingdate_start=2001-01-01&closingdate_end=2100-01-01&query=true&type=dbrd&owner=BM Mumbai Butt&viewname=10" alt="BM Mumbai Butt - 1 opportunities where sales stage is Needs Analysis" title="BM Mumbai Butt - 1 opportunities where sales stage is Needs Analysis">
	<area shape="rect" coords="135,119,775,147" href="index.php?module=Potentials&action=ListView&sales_stage=Needs+Analysis&closingdate_start=2001-01-01&closingdate_end=2100-01-01&query=true&type=dbrd&owner=Sal Executive Mumbai Rohit Sharma&viewname=10" alt="Sal Executive Mumbai Rohit Sharma - 1 opportunities where sales stage is Needs Analysis" title="Sal Executive Mumbai Rohit Sharma - 1 opportunities where sales stage is Needs Analysis">
	<area shape="rect" coords="128,159,192,186" href="index.php?module=Potentials&action=ListView&sales_stage=Value+Proposition&closingdate_start=2001-01-01&closingdate_end=2100-01-01&query=true&type=dbrd&owner=Sal Executive Mumbai Rohit Sharma&viewname=10" alt="Sal Executive Mumbai Rohit Sharma - 2 opportunities where sales stage is Value Propositions" title="Sal Executive Mumbai Rohit Sharma - 2 opportunities where sales stage is Value Propositions">
</map>