<img src="cache/images/6651824_pipeline_by_lead_source_en_us_693535944.png" border="0" usemap="#cache/images/6651824_pipeline_by_lead_source_en_us_693535944.png">
<map name="cache/images/6651824_pipeline_by_lead_source_en_us_693535944.png">
	<area shape="polygon" coords="424,238,577,238,556,314,500,370,424,391,348,370,292,314,271,238,292,162,348,106,424,85,500,106,546,146" href="index.php?module=Potentials&action=ListView&leadsource=Partner&query=true&type=dbrd&viewname=10" alt="1 opportunities where lead source is Partner	" title="1 opportunities where lead source is Partner	">
	<area shape="polygon" coords="424,238,546,146,552,155" href="index.php?module=Potentials&action=ListView&leadsource=Public+Relations&query=true&type=dbrd&viewname=10" alt="1 opportunities where lead source is Public Relations	" title="1 opportunities where lead source is Public Relations	">
	<area shape="polygon" coords="424,238,552,155,552,155" href="index.php?module=Potentials&action=ListView&leadsource=Trade+Show&query=true&type=dbrd&viewname=10" alt="1 opportunities where lead source is Trade Show	" title="1 opportunities where lead source is Trade Show	">
	<area shape="polygon" coords="424,238,552,155,577,230,577,238" href="index.php?module=Potentials&action=ListView&leadsource=Web+Site&query=true&type=dbrd&viewname=10" alt="1 opportunities where lead source is Web Site	" title="1 opportunities where lead source is Web Site	">
</map>